// Jest Snapshot v1, https://goo.gl/fbAQLP

exports[`Testing al cliente Es Belen 1`] = `
Object {
  "balance": 500,
  "nombre": "Maria Belen",
  "tipo": "Premium",
}
`;
